// Jest Snapshot v1, https://goo.gl/fbAQLP

exports[`TextFieldHelperText Renders 1`] = `null`;
