// Jest Snapshot v1, https://goo.gl/fbAQLP

exports[`Switch Renders 1`] = `
<View
  onMouseEnter={[Function]}
  onMouseLeave={[Function]}
/>
`;
