// Jest Snapshot v1, https://goo.gl/fbAQLP

exports[`RadioButton Renders 1`] = `
<View
  style={
    Array [
      Object {
        "alignItems": "center",
        "flexDirection": "row",
      },
      undefined,
    ]
  }
>
  <View
    accessible={true}
    displayUntilPressOut={true}
    onLayout={[Function]}
    onResponderGrant={[Function]}
    onResponderMove={[Function]}
    onResponderRelease={[Function]}
    onResponderTerminate={[Function]}
    onResponderTerminationRequest={[Function]}
    onRippleAnimation={[Function]}
    onStartShouldSetResponder={[Function]}
    pointerEvents="box-only"
    rippleCentered={true}
    rippleColor="rgba(0,0,0,.8)"
    rippleDuration={400}
    rippleFades={true}
    rippleOpacity={0.3}
    rippleSequential={false}
    rippleSize={0}
    style={
      Object {
        "alignItems": "center",
        "borderRadius": 18,
        "height": 40,
        "justifyContent": "center",
        "width": 40,
      }
    }
  >
    <View
      style={
        Object {
          "alignItems": "center",
          "borderColor": "rgba(0,0,0,.5)",
          "borderRadius": 24,
          "borderWidth": 2,
          "height": 20,
          "justifyContent": "center",
          "margin": 2,
          "width": 20,
        }
      }
    />
    <View
      style={
        Array [
          Object {
            "backgroundColor": "transparent",
            "bottom": 0,
            "left": 0,
            "overflow": "hidden",
            "position": "absolute",
            "right": 0,
            "top": 0,
            "zIndex": 10,
          },
          Object {
            "borderRadius": 18,
          },
        ]
      }
    />
  </View>
</View>
`;
