// Jest Snapshot v1, https://goo.gl/fbAQLP

exports[`SheetBottom Renders 1`] = `
<Component
  animationType="none"
  hardwareAccelerated={false}
  onRequestClose={[Function]}
  transparent={true}
  visible={false}
>
  <View
    style={
      Array [
        Object {
          "backgroundColor": "#00000077",
          "flex": 1,
        },
        undefined,
      ]
    }
  >
    <TouchableOpacity
      activeOpacity={1}
      onPress={[Function]}
      style={
        Object {
          "backgroundColor": "transparent",
          "height": "100%",
          "left": 0,
          "position": "absolute",
          "top": 0,
          "width": "100%",
          "zIndex": -1,
        }
      }
    />
    <AnimatedComponent
      onMoveShouldSetResponder={[Function]}
      onMoveShouldSetResponderCapture={[Function]}
      onResponderEnd={[Function]}
      onResponderGrant={[Function]}
      onResponderMove={[Function]}
      onResponderReject={[Function]}
      onResponderRelease={[Function]}
      onResponderStart={[Function]}
      onResponderTerminate={[Function]}
      onResponderTerminationRequest={[Function]}
      onStartShouldSetResponder={[Function]}
      onStartShouldSetResponderCapture={[Function]}
      style={
        Array [
          Object {
            "backgroundColor": "#fff",
            "overflow": "hidden",
            "paddingVertical": 20,
            "width": "100%",
            "zIndex": 1000,
          },
          undefined,
          Object {
            "height": "100%",
            "paddingVertical": 20,
            "transform": Array [
              Object {
                "translateY": 0,
              },
            ],
          },
        ]
      }
    >
      <View
        onLayout={[Function]}
      />
    </AnimatedComponent>
  </View>
</Component>
`;
