// Jest Snapshot v1, https://goo.gl/fbAQLP

exports[`Drawer Renders 1`] = `
<View
  style={
    Array [
      Object {
        "backgroundColor": "white",
        "flex": 1,
      },
      Object {
        "overflow": "hidden",
        "position": "relative",
        "width": 750,
      },
      undefined,
    ]
  }
>
  <View
    style={
      Object {
        "backgroundColor": "white",
        "borderRightColor": "rgba(0,0,0,.12)",
        "borderRightWidth": 1,
        "borderStyle": "solid",
        "height": 1334,
        "left": -245,
        "position": "absolute",
        "shadowColor": "#000",
        "shadowOffset": Object {
          "height": 4,
          "width": 0,
        },
        "shadowOpacity": 0.3,
        "shadowRadius": 4.65,
        "top": 0,
        "transform": Array [
          Object {
            "translateX": 0,
          },
        ],
        "width": 240,
        "zIndex": 100,
      }
    }
  />
  <View
    style={
      Object {
        "backgroundColor": "black",
        "height": 1334,
        "left": 0,
        "opacity": 0,
        "position": "absolute",
        "top": 0,
        "width": 750,
        "zIndex": 0,
      }
    }
  >
    <View
      accessible={true}
      onResponderGrant={[Function]}
      onResponderMove={[Function]}
      onResponderRelease={[Function]}
      onResponderTerminate={[Function]}
      onResponderTerminationRequest={[Function]}
      onStartShouldSetResponder={[Function]}
      style={
        Array [
          Object {
            "left": 0,
            "position": "absolute",
            "zIndex": 0,
          },
          Object {
            "backgroundColor": "black",
            "height": 1334,
            "width": 750,
          },
        ]
      }
    />
  </View>
  <View
    style={
      Array [
        Object {
          "height": "100%",
        },
        undefined,
      ]
    }
  >
    <View
      style={
        Object {
          "height": "100%",
        }
      }
    />
  </View>
</View>
`;
