// Jest Snapshot v1, https://goo.gl/fbAQLP

exports[`CardContent Renders 1`] = `
<View
  style={
    Array [
      Object {
        "padding": 16,
      },
      undefined,
    ]
  }
/>
`;
