// Jest Snapshot v1, https://goo.gl/fbAQLP

exports[`DataTableCell Renders 1`] = `
<View
  accessible={true}
  onResponderGrant={[Function]}
  onResponderMove={[Function]}
  onResponderRelease={[Function]}
  onResponderTerminate={[Function]}
  onResponderTerminationRequest={[Function]}
  onStartShouldSetResponder={[Function]}
  style={
    Array [
      Object {
        "alignItems": "center",
        "borderColor": "rgb(224, 224, 224)",
        "flexDirection": "row",
        "paddingHorizontal": 16,
        "paddingVertical": 4,
      },
      Object {
        "borderLeftWidth": 0,
        "borderRightWidth": 0,
        "flex": 1,
        "flexWrap": "wrap",
        "justifyContent": "flex-start",
        "minHeight": 25,
        "minWidth": 100,
      },
      Object {},
      undefined,
    ]
  }
>
  <Text
    style={
      Array [
        Object {
          "flex": 1,
          "flexShrink": 1,
          "fontSize": 13,
        },
        Object {
          "color": "rgba(0,0,0,.87)",
        },
      ]
    }
  />
</View>
`;
