// Jest Snapshot v1, https://goo.gl/fbAQLP

exports[`SearchField Renders 1`] = `
<Context.Consumer>
  [Function]
</Context.Consumer>
`;
